2026-05-22 14:13:02: 2026-05-22 14:13:02.305 Uvicorn server started on 0.0.0.0:8501
2026-05-22 14:16:36: /home/tianbo/.local/lib/python3.10/site-packages/py_mini_racer/py_mini_racer.py:15: UserWarning: pkg_resources is deprecated as an API. See https://setuptools.pypa.io/en/latest/pkg_resources.html. The pkg_resources package is slated for removal as early as 2025-11-30. Refrain from using this package or pin to Setuptools<81.
2026-05-22 14:16:36:   import pkg_resources
2026-05-22 14:21:08: 2026-05-22 14:21:08.182 Uvicorn server started on 0.0.0.0:8501
2026-05-22 14:21:24: /home/tianbo/.local/lib/python3.10/site-packages/py_mini_racer/py_mini_racer.py:15: UserWarning: pkg_resources is deprecated as an API. See https://setuptools.pypa.io/en/latest/pkg_resources.html. The pkg_resources package is slated for removal as early as 2025-11-30. Refrain from using this package or pin to Setuptools<81.
2026-05-22 14:21:24:   import pkg_resources
2026-05-22 14:21:41: 2026-05-22 14:21:41.323 Please replace `use_container_width` with `width`.
2026-05-22 14:21:41: 
2026-05-22 14:21:41: `use_container_width` will be removed after 2025-12-31.
2026-05-22 14:21:41: 
2026-05-22 14:21:41: For `use_container_width=True`, use `width='stretch'`. For `use_container_width=False`, use `width='content'`.
2026-05-22 14:21:41: 2026-05-22 14:21:41.809 Please replace `use_container_width` with `width`.
2026-05-22 14:21:41: 
2026-05-22 14:21:41: `use_container_width` will be removed after 2025-12-31.
2026-05-22 14:21:41: 
2026-05-22 14:21:41: For `use_container_width=True`, use `width='stretch'`. For `use_container_width=False`, use `width='content'`.
2026-05-22 14:26:52: 2026-05-22 14:26:52.457 Uvicorn server started on 0.0.0.0:8501
2026-05-22 14:28:09: /home/tianbo/.local/lib/python3.10/site-packages/py_mini_racer/py_mini_racer.py:15: UserWarning: pkg_resources is deprecated as an API. See https://setuptools.pypa.io/en/latest/pkg_resources.html. The pkg_resources package is slated for removal as early as 2025-11-30. Refrain from using this package or pin to Setuptools<81.
2026-05-22 14:28:09:   import pkg_resources
2026-05-22 14:28:18: 2026-05-22 14:28:18.750 Please replace `use_container_width` with `width`.
2026-05-22 14:28:18: 
2026-05-22 14:28:18: `use_container_width` will be removed after 2025-12-31.
2026-05-22 14:28:18: 
2026-05-22 14:28:18: For `use_container_width=True`, use `width='stretch'`. For `use_container_width=False`, use `width='content'`.
2026-05-22 14:28:18: 2026-05-22 14:28:18.829 Please replace `use_container_width` with `width`.
2026-05-22 14:28:18: 
2026-05-22 14:28:18: `use_container_width` will be removed after 2025-12-31.
2026-05-22 14:28:18: 
2026-05-22 14:28:18: For `use_container_width=True`, use `width='stretch'`. For `use_container_width=False`, use `width='content'`.
2026-05-22 14:28:25: 2026-05-22 14:28:25.187 Please replace `use_container_width` with `width`.
2026-05-22 14:28:25: 
2026-05-22 14:28:25: `use_container_width` will be removed after 2025-12-31.
2026-05-22 14:28:25: 
2026-05-22 14:28:25: For `use_container_width=True`, use `width='stretch'`. For `use_container_width=False`, use `width='content'`.
2026-05-22 14:28:25: 2026-05-22 14:28:25.229 Please replace `use_container_width` with `width`.
2026-05-22 14:28:25: 
2026-05-22 14:28:25: `use_container_width` will be removed after 2025-12-31.
2026-05-22 14:28:25: 
2026-05-22 14:28:25: For `use_container_width=True`, use `width='stretch'`. For `use_container_width=False`, use `width='content'`.
2026-05-22 14:28:47: 2026-05-22 14:28:47.537 Please replace `use_container_width` with `width`.
2026-05-22 14:28:47: 
2026-05-22 14:28:47: `use_container_width` will be removed after 2025-12-31.
2026-05-22 14:28:47: 
2026-05-22 14:28:47: For `use_container_width=True`, use `width='stretch'`. For `use_container_width=False`, use `width='content'`.
2026-05-22 14:28:47: 2026-05-22 14:28:47.565 Please replace `use_container_width` with `width`.
2026-05-22 14:28:47: 
2026-05-22 14:28:47: `use_container_width` will be removed after 2025-12-31.
2026-05-22 14:28:47: 
2026-05-22 14:28:47: For `use_container_width=True`, use `width='stretch'`. For `use_container_width=False`, use `width='content'`.
2026-05-22 14:29:28: 2026-05-22 14:29:28.190 Please replace `use_container_width` with `width`.
2026-05-22 14:29:28: 
2026-05-22 14:29:28: `use_container_width` will be removed after 2025-12-31.
2026-05-22 14:29:28: 
2026-05-22 14:29:28: For `use_container_width=True`, use `width='stretch'`. For `use_container_width=False`, use `width='content'`.
2026-05-22 14:29:28: 2026-05-22 14:29:28.279 Please replace `use_container_width` with `width`.
2026-05-22 14:29:28: 
2026-05-22 14:29:28: `use_container_width` will be removed after 2025-12-31.
2026-05-22 14:29:28: 
2026-05-22 14:29:28: For `use_container_width=True`, use `width='stretch'`. For `use_container_width=False`, use `width='content'`.
2026-05-22 14:29:29: 2026-05-22 14:29:29.111 Please replace `use_container_width` with `width`.
2026-05-22 14:29:29: 
2026-05-22 14:29:29: `use_container_width` will be removed after 2025-12-31.
2026-05-22 14:29:29: 
2026-05-22 14:29:29: For `use_container_width=True`, use `width='stretch'`. For `use_container_width=False`, use `width='content'`.
2026-05-22 14:29:29: 2026-05-22 14:29:29.188 Please replace `use_container_width` with `width`.
2026-05-22 14:29:29: 
2026-05-22 14:29:29: `use_container_width` will be removed after 2025-12-31.
2026-05-22 14:29:29: 
2026-05-22 14:29:29: For `use_container_width=True`, use `width='stretch'`. For `use_container_width=False`, use `width='content'`.
2026-05-22 14:29:29: 2026-05-22 14:29:29.241 Please replace `use_container_width` with `width`.
2026-05-22 14:29:29: 
2026-05-22 14:29:29: `use_container_width` will be removed after 2025-12-31.
2026-05-22 14:29:29: 
2026-05-22 14:29:29: For `use_container_width=True`, use `width='stretch'`. For `use_container_width=False`, use `width='content'`.
2026-05-22 14:29:29: 2026-05-22 14:29:29.331 Please replace `use_container_width` with `width`.
2026-05-22 14:29:29: 
2026-05-22 14:29:29: `use_container_width` will be removed after 2025-12-31.
2026-05-22 14:29:29: 
2026-05-22 14:29:29: For `use_container_width=True`, use `width='stretch'`. For `use_container_width=False`, use `width='content'`.
2026-05-22 14:29:29: 2026-05-22 14:29:29.357 Please replace `use_container_width` with `width`.
2026-05-22 14:29:29: 
2026-05-22 14:29:29: `use_container_width` will be removed after 2025-12-31.
2026-05-22 14:29:29: 
2026-05-22 14:29:29: For `use_container_width=True`, use `width='stretch'`. For `use_container_width=False`, use `width='content'`.
2026-05-22 14:29:29: 2026-05-22 14:29:29.380 Please replace `use_container_width` with `width`.
2026-05-22 14:29:29: 
2026-05-22 14:29:29: `use_container_width` will be removed after 2025-12-31.
2026-05-22 14:29:29: 
2026-05-22 14:29:29: For `use_container_width=True`, use `width='stretch'`. For `use_container_width=False`, use `width='content'`.
2026-05-22 14:29:29: 2026-05-22 14:29:29.400 Please replace `use_container_width` with `width`.
2026-05-22 14:29:29: 
2026-05-22 14:29:29: `use_container_width` will be removed after 2025-12-31.
2026-05-22 14:29:29: 
2026-05-22 14:29:29: For `use_container_width=True`, use `width='stretch'`. For `use_container_width=False`, use `width='content'`.
2026-05-22 14:29:29: 2026-05-22 14:29:29.422 Please replace `use_container_width` with `width`.
2026-05-22 14:29:29: 
2026-05-22 14:29:29: `use_container_width` will be removed after 2025-12-31.
2026-05-22 14:29:29: 
2026-05-22 14:29:29: For `use_container_width=True`, use `width='stretch'`. For `use_container_width=False`, use `width='content'`.
2026-05-22 14:29:29: 2026-05-22 14:29:29.452 Please replace `use_container_width` with `width`.
2026-05-22 14:29:29: 
2026-05-22 14:29:29: `use_container_width` will be removed after 2025-12-31.
2026-05-22 14:29:29: 
2026-05-22 14:29:29: For `use_container_width=True`, use `width='stretch'`. For `use_container_width=False`, use `width='content'`.
2026-05-22 14:34:18: 2026-05-22 14:34:18.703 Uvicorn server started on 0.0.0.0:8501
2026-05-22 14:34:58: /home/tianbo/.local/lib/python3.10/site-packages/py_mini_racer/py_mini_racer.py:15: UserWarning: pkg_resources is deprecated as an API. See https://setuptools.pypa.io/en/latest/pkg_resources.html. The pkg_resources package is slated for removal as early as 2025-11-30. Refrain from using this package or pin to Setuptools<81.
2026-05-22 14:34:58:   import pkg_resources
2026-05-22 14:40:49: 2026-05-22 14:40:49.180 Uvicorn server started on 0.0.0.0:8501
2026-05-22 14:42:03: /home/tianbo/.local/lib/python3.10/site-packages/py_mini_racer/py_mini_racer.py:15: UserWarning: pkg_resources is deprecated as an API. See https://setuptools.pypa.io/en/latest/pkg_resources.html. The pkg_resources package is slated for removal as early as 2025-11-30. Refrain from using this package or pin to Setuptools<81.
2026-05-22 14:42:03:   import pkg_resources
2026-05-22 14:42:13: 2026-05-22 14:42:13.921 Please replace `use_container_width` with `width`.
2026-05-22 14:42:13: 
2026-05-22 14:42:13: `use_container_width` will be removed after 2025-12-31.
2026-05-22 14:42:13: 
2026-05-22 14:42:13: For `use_container_width=True`, use `width='stretch'`. For `use_container_width=False`, use `width='content'`.
2026-05-22 14:42:14: 2026-05-22 14:42:14.019 Please replace `use_container_width` with `width`.
2026-05-22 14:42:14: 
2026-05-22 14:42:14: `use_container_width` will be removed after 2025-12-31.
2026-05-22 14:42:14: 
2026-05-22 14:42:14: For `use_container_width=True`, use `width='stretch'`. For `use_container_width=False`, use `width='content'`.
2026-05-22 14:42:17: 2026-05-22 14:42:17.131 Please replace `use_container_width` with `width`.
2026-05-22 14:42:17: 
2026-05-22 14:42:17: `use_container_width` will be removed after 2025-12-31.
2026-05-22 14:42:17: 
2026-05-22 14:42:17: For `use_container_width=True`, use `width='stretch'`. For `use_container_width=False`, use `width='content'`.
2026-05-22 14:42:17: 2026-05-22 14:42:17.162 Please replace `use_container_width` with `width`.
2026-05-22 14:42:17: 
2026-05-22 14:42:17: `use_container_width` will be removed after 2025-12-31.
2026-05-22 14:42:17: 
2026-05-22 14:42:17: For `use_container_width=True`, use `width='stretch'`. For `use_container_width=False`, use `width='content'`.
2026-05-22 14:42:19: 2026-05-22 14:42:19.697 Please replace `use_container_width` with `width`.
2026-05-22 14:42:19: 
2026-05-22 14:42:19: `use_container_width` will be removed after 2025-12-31.
2026-05-22 14:42:19: 
2026-05-22 14:42:19: For `use_container_width=True`, use `width='stretch'`. For `use_container_width=False`, use `width='content'`.
2026-05-22 14:42:19: 2026-05-22 14:42:19.731 Please replace `use_container_width` with `width`.
2026-05-22 14:42:19: 
2026-05-22 14:42:19: `use_container_width` will be removed after 2025-12-31.
2026-05-22 14:42:19: 
2026-05-22 14:42:19: For `use_container_width=True`, use `width='stretch'`. For `use_container_width=False`, use `width='content'`.
2026-05-22 14:42:33: 2026-05-22 14:42:33.502 Please replace `use_container_width` with `width`.
2026-05-22 14:42:33: 
2026-05-22 14:42:33: `use_container_width` will be removed after 2025-12-31.
2026-05-22 14:42:33: 
2026-05-22 14:42:33: For `use_container_width=True`, use `width='stretch'`. For `use_container_width=False`, use `width='content'`.
2026-05-22 14:42:33: 2026-05-22 14:42:33.531 Please replace `use_container_width` with `width`.
2026-05-22 14:42:33: 
2026-05-22 14:42:33: `use_container_width` will be removed after 2025-12-31.
2026-05-22 14:42:33: 
2026-05-22 14:42:33: For `use_container_width=True`, use `width='stretch'`. For `use_container_width=False`, use `width='content'`.
2026-05-22 14:42:35: 2026-05-22 14:42:35.872 Please replace `use_container_width` with `width`.
2026-05-22 14:42:35: 
2026-05-22 14:42:35: `use_container_width` will be removed after 2025-12-31.
2026-05-22 14:42:35: 
2026-05-22 14:42:35: For `use_container_width=True`, use `width='stretch'`. For `use_container_width=False`, use `width='content'`.
2026-05-22 14:42:35: 2026-05-22 14:42:35.897 Please replace `use_container_width` with `width`.
2026-05-22 14:42:35: 
2026-05-22 14:42:35: `use_container_width` will be removed after 2025-12-31.
2026-05-22 14:42:35: 
2026-05-22 14:42:35: For `use_container_width=True`, use `width='stretch'`. For `use_container_width=False`, use `width='content'`.
2026-05-22 14:42:38: 2026-05-22 14:42:38.425 Please replace `use_container_width` with `width`.
2026-05-22 14:42:38: 
2026-05-22 14:42:38: `use_container_width` will be removed after 2025-12-31.
2026-05-22 14:42:38: 
2026-05-22 14:42:38: For `use_container_width=True`, use `width='stretch'`. For `use_container_width=False`, use `width='content'`.
2026-05-22 14:42:38: 2026-05-22 14:42:38.455 Please replace `use_container_width` with `width`.
2026-05-22 14:42:38: 
2026-05-22 14:42:38: `use_container_width` will be removed after 2025-12-31.
2026-05-22 14:42:38: 
2026-05-22 14:42:38: For `use_container_width=True`, use `width='stretch'`. For `use_container_width=False`, use `width='content'`.
2026-05-22 14:42:38: 2026-05-22 14:42:38.885 Please replace `use_container_width` with `width`.
2026-05-22 14:42:38: 
2026-05-22 14:42:38: `use_container_width` will be removed after 2025-12-31.
2026-05-22 14:42:38: 
2026-05-22 14:42:38: For `use_container_width=True`, use `width='stretch'`. For `use_container_width=False`, use `width='content'`.
2026-05-22 14:42:38: 2026-05-22 14:42:38.943 Please replace `use_container_width` with `width`.
2026-05-22 14:42:38: 
2026-05-22 14:42:38: `use_container_width` will be removed after 2025-12-31.
2026-05-22 14:42:38: 
2026-05-22 14:42:38: For `use_container_width=True`, use `width='stretch'`. For `use_container_width=False`, use `width='content'`.
2026-05-22 14:42:38: 2026-05-22 14:42:38.997 Please replace `use_container_width` with `width`.
2026-05-22 14:42:38: 
2026-05-22 14:42:38: `use_container_width` will be removed after 2025-12-31.
2026-05-22 14:42:38: 
2026-05-22 14:42:38: For `use_container_width=True`, use `width='stretch'`. For `use_container_width=False`, use `width='content'`.
2026-05-22 14:42:39: 2026-05-22 14:42:39.087 Please replace `use_container_width` with `width`.
2026-05-22 14:42:39: 
2026-05-22 14:42:39: `use_container_width` will be removed after 2025-12-31.
2026-05-22 14:42:39: 
2026-05-22 14:42:39: For `use_container_width=True`, use `width='stretch'`. For `use_container_width=False`, use `width='content'`.
2026-05-22 14:42:39: 2026-05-22 14:42:39.121 Please replace `use_container_width` with `width`.
2026-05-22 14:42:39: 
2026-05-22 14:42:39: `use_container_width` will be removed after 2025-12-31.
2026-05-22 14:42:39: 
2026-05-22 14:42:39: For `use_container_width=True`, use `width='stretch'`. For `use_container_width=False`, use `width='content'`.
2026-05-22 14:42:39: 2026-05-22 14:42:39.139 Please replace `use_container_width` with `width`.
2026-05-22 14:42:39: 
2026-05-22 14:42:39: `use_container_width` will be removed after 2025-12-31.
2026-05-22 14:42:39: 
2026-05-22 14:42:39: For `use_container_width=True`, use `width='stretch'`. For `use_container_width=False`, use `width='content'`.
2026-05-22 14:42:39: 2026-05-22 14:42:39.159 Please replace `use_container_width` with `width`.
2026-05-22 14:42:39: 
2026-05-22 14:42:39: `use_container_width` will be removed after 2025-12-31.
2026-05-22 14:42:39: 
2026-05-22 14:42:39: For `use_container_width=True`, use `width='stretch'`. For `use_container_width=False`, use `width='content'`.
2026-05-22 14:42:39: 2026-05-22 14:42:39.181 Please replace `use_container_width` with `width`.
2026-05-22 14:42:39: 
2026-05-22 14:42:39: `use_container_width` will be removed after 2025-12-31.
2026-05-22 14:42:39: 
2026-05-22 14:42:39: For `use_container_width=True`, use `width='stretch'`. For `use_container_width=False`, use `width='content'`.
